ERROR Internal Server Error: /aplicatie_exemplu/carti/
Traceback (most recent call last):
  File "/opt/anaconda3/lib/python3.12/site-packages/django/core/handlers/exception.py", line 55, in inner
    response = get_response(request)
               ^^^^^^^^^^^^^^^^^^^^^
  File "/opt/anaconda3/lib/python3.12/site-packages/django/core/handlers/base.py", line 197, in _get_response
    response = wrapped_callback(request, *callback_args, **callback_kwargs)
               ^^^^^^^^^^^^^^^^^^^^^^^^^^^^^^^^^^^^^^^^^^^^^^^^^^^^^^^^^^^^
  File "/Users/mateinicolau/Desktop/anul_2/Django/proiect_django/aplicatie_exemplu/views.py", line 235, in carti
    produse_qs = produse_qs.filter(autor__icontains=data['autor'])
                 ^^^^^^^^^^^^^^^^^^^^^^^^^^^^^^^^^^^^^^^^^^^^^^^^^
  File "/opt/anaconda3/lib/python3.12/site-packages/django/db/models/query.py", line 1493, in filter
    return self._filter_or_exclude(False, args, kwargs)
           ^^^^^^^^^^^^^^^^^^^^^^^^^^^^^^^^^^^^^^^^^^^^
  File "/opt/anaconda3/lib/python3.12/site-packages/django/db/models/query.py", line 1511, in _filter_or_exclude
    clone._filter_or_exclude_inplace(negate, args, kwargs)
  File "/opt/anaconda3/lib/python3.12/site-packages/django/db/models/query.py", line 1518, in _filter_or_exclude_inplace
    self._query.add_q(Q(*args, **kwargs))
  File "/opt/anaconda3/lib/python3.12/site-packages/django/db/models/sql/query.py", line 1646, in add_q
    clause, _ = self._add_q(q_object, can_reuse)
                ^^^^^^^^^^^^^^^^^^^^^^^^^^^^^^^^
  File "/opt/anaconda3/lib/python3.12/site-packages/django/db/models/sql/query.py", line 1678, in _add_q
    child_clause, needed_inner = self.build_filter(
                                 ^^^^^^^^^^^^^^^^^^
  File "/opt/anaconda3/lib/python3.12/site-packages/django/db/models/sql/query.py", line 1588, in build_filter
    condition = self.build_lookup(lookups, col, value)
                ^^^^^^^^^^^^^^^^^^^^^^^^^^^^^^^^^^^^^^
  File "/opt/anaconda3/lib/python3.12/site-packages/django/db/models/sql/query.py", line 1409, in build_lookup
    lhs = self.try_transform(lhs, lookup_name)
          ^^^^^^^^^^^^^^^^^^^^^^^^^^^^^^^^^^^^
  File "/opt/anaconda3/lib/python3.12/site-packages/django/db/models/sql/query.py", line 1458, in try_transform
    raise FieldError(
django.core.exceptions.FieldError: Unsupported lookup 'icontains' for ForeignKey or join on the field not permitted.
ERROR "GET /aplicatie_exemplu/carti/?titlu=&autor=mir&categorie=&pret_min=&pret_max=&elemente_per_pagina=&sort=titlu HTTP/1.1" 500 110301
ERROR Internal Server Error: /aplicatie_exemplu/carti/
Traceback (most recent call last):
  File "/opt/anaconda3/lib/python3.12/site-packages/django/core/handlers/exception.py", line 55, in inner
    response = get_response(request)
               ^^^^^^^^^^^^^^^^^^^^^
  File "/opt/anaconda3/lib/python3.12/site-packages/django/core/handlers/base.py", line 197, in _get_response
    response = wrapped_callback(request, *callback_args, **callback_kwargs)
               ^^^^^^^^^^^^^^^^^^^^^^^^^^^^^^^^^^^^^^^^^^^^^^^^^^^^^^^^^^^^
  File "/Users/mateinicolau/Desktop/anul_2/Django/proiect_django/aplicatie_exemplu/views.py", line 235, in carti
    produse_qs = produse_qs.filter(autor__icontains=data['autor'])
                 ^^^^^^^^^^^^^^^^^^^^^^^^^^^^^^^^^^^^^^^^^^^^^^^^^
  File "/opt/anaconda3/lib/python3.12/site-packages/django/db/models/query.py", line 1493, in filter
    return self._filter_or_exclude(False, args, kwargs)
           ^^^^^^^^^^^^^^^^^^^^^^^^^^^^^^^^^^^^^^^^^^^^
  File "/opt/anaconda3/lib/python3.12/site-packages/django/db/models/query.py", line 1511, in _filter_or_exclude
    clone._filter_or_exclude_inplace(negate, args, kwargs)
  File "/opt/anaconda3/lib/python3.12/site-packages/django/db/models/query.py", line 1518, in _filter_or_exclude_inplace
    self._query.add_q(Q(*args, **kwargs))
  File "/opt/anaconda3/lib/python3.12/site-packages/django/db/models/sql/query.py", line 1646, in add_q
    clause, _ = self._add_q(q_object, can_reuse)
                ^^^^^^^^^^^^^^^^^^^^^^^^^^^^^^^^
  File "/opt/anaconda3/lib/python3.12/site-packages/django/db/models/sql/query.py", line 1678, in _add_q
    child_clause, needed_inner = self.build_filter(
                                 ^^^^^^^^^^^^^^^^^^
  File "/opt/anaconda3/lib/python3.12/site-packages/django/db/models/sql/query.py", line 1588, in build_filter
    condition = self.build_lookup(lookups, col, value)
                ^^^^^^^^^^^^^^^^^^^^^^^^^^^^^^^^^^^^^^
  File "/opt/anaconda3/lib/python3.12/site-packages/django/db/models/sql/query.py", line 1409, in build_lookup
    lhs = self.try_transform(lhs, lookup_name)
          ^^^^^^^^^^^^^^^^^^^^^^^^^^^^^^^^^^^^
  File "/opt/anaconda3/lib/python3.12/site-packages/django/db/models/sql/query.py", line 1458, in try_transform
    raise FieldError(
django.core.exceptions.FieldError: Unsupported lookup 'icontains' for ForeignKey or join on the field not permitted.
ERROR "GET /aplicatie_exemplu/carti/?titlu=&autor=mir&categorie=&pret_min=&pret_max=&elemente_per_pagina=&sort=titlu HTTP/1.1" 500 110301
ERROR Internal Server Error: /aplicatie_exemplu/carti/
Traceback (most recent call last):
  File "/opt/anaconda3/lib/python3.12/site-packages/django/core/handlers/exception.py", line 55, in inner
    response = get_response(request)
               ^^^^^^^^^^^^^^^^^^^^^
  File "/opt/anaconda3/lib/python3.12/site-packages/django/core/handlers/base.py", line 197, in _get_response
    response = wrapped_callback(request, *callback_args, **callback_kwargs)
               ^^^^^^^^^^^^^^^^^^^^^^^^^^^^^^^^^^^^^^^^^^^^^^^^^^^^^^^^^^^^
  File "/Users/mateinicolau/Desktop/anul_2/Django/proiect_django/aplicatie_exemplu/views.py", line 235, in carti
    produse_qs = produse_qs.filter(autor__icontains=data['autor'])
                 ^^^^^^^^^^^^^^^^^^^^^^^^^^^^^^^^^^^^^^^^^^^^^^^^^
  File "/opt/anaconda3/lib/python3.12/site-packages/django/db/models/query.py", line 1493, in filter
    return self._filter_or_exclude(False, args, kwargs)
           ^^^^^^^^^^^^^^^^^^^^^^^^^^^^^^^^^^^^^^^^^^^^
  File "/opt/anaconda3/lib/python3.12/site-packages/django/db/models/query.py", line 1511, in _filter_or_exclude
    clone._filter_or_exclude_inplace(negate, args, kwargs)
  File "/opt/anaconda3/lib/python3.12/site-packages/django/db/models/query.py", line 1518, in _filter_or_exclude_inplace
    self._query.add_q(Q(*args, **kwargs))
  File "/opt/anaconda3/lib/python3.12/site-packages/django/db/models/sql/query.py", line 1646, in add_q
    clause, _ = self._add_q(q_object, can_reuse)
                ^^^^^^^^^^^^^^^^^^^^^^^^^^^^^^^^
  File "/opt/anaconda3/lib/python3.12/site-packages/django/db/models/sql/query.py", line 1678, in _add_q
    child_clause, needed_inner = self.build_filter(
                                 ^^^^^^^^^^^^^^^^^^
  File "/opt/anaconda3/lib/python3.12/site-packages/django/db/models/sql/query.py", line 1588, in build_filter
    condition = self.build_lookup(lookups, col, value)
                ^^^^^^^^^^^^^^^^^^^^^^^^^^^^^^^^^^^^^^
  File "/opt/anaconda3/lib/python3.12/site-packages/django/db/models/sql/query.py", line 1409, in build_lookup
    lhs = self.try_transform(lhs, lookup_name)
          ^^^^^^^^^^^^^^^^^^^^^^^^^^^^^^^^^^^^
  File "/opt/anaconda3/lib/python3.12/site-packages/django/db/models/sql/query.py", line 1458, in try_transform
    raise FieldError(
django.core.exceptions.FieldError: Unsupported lookup 'icontains' for ForeignKey or join on the field not permitted.
ERROR "GET /aplicatie_exemplu/carti/?titlu=Maytrei&autor=mircea&categorie=&pret_min=&pret_max=&elemente_per_pagina=&sort=titlu HTTP/1.1" 500 108411
ERROR Internal Server Error: /aplicatie_exemplu/carti/
Traceback (most recent call last):
  File "/opt/anaconda3/lib/python3.12/site-packages/django/core/handlers/exception.py", line 55, in inner
    response = get_response(request)
               ^^^^^^^^^^^^^^^^^^^^^
  File "/opt/anaconda3/lib/python3.12/site-packages/django/core/handlers/base.py", line 197, in _get_response
    response = wrapped_callback(request, *callback_args, **callback_kwargs)
               ^^^^^^^^^^^^^^^^^^^^^^^^^^^^^^^^^^^^^^^^^^^^^^^^^^^^^^^^^^^^
  File "/Users/mateinicolau/Desktop/anul_2/Django/proiect_django/aplicatie_exemplu/views.py", line 235, in carti
    produse_qs = produse_qs.filter(autor__icontains=data['autor'])
                 ^^^^^^^^^^^^^^^^^^^^^^^^^^^^^^^^^^^^^^^^^^^^^^^^^
  File "/opt/anaconda3/lib/python3.12/site-packages/django/db/models/query.py", line 1493, in filter
    return self._filter_or_exclude(False, args, kwargs)
           ^^^^^^^^^^^^^^^^^^^^^^^^^^^^^^^^^^^^^^^^^^^^
  File "/opt/anaconda3/lib/python3.12/site-packages/django/db/models/query.py", line 1511, in _filter_or_exclude
    clone._filter_or_exclude_inplace(negate, args, kwargs)
  File "/opt/anaconda3/lib/python3.12/site-packages/django/db/models/query.py", line 1518, in _filter_or_exclude_inplace
    self._query.add_q(Q(*args, **kwargs))
  File "/opt/anaconda3/lib/python3.12/site-packages/django/db/models/sql/query.py", line 1646, in add_q
    clause, _ = self._add_q(q_object, can_reuse)
                ^^^^^^^^^^^^^^^^^^^^^^^^^^^^^^^^
  File "/opt/anaconda3/lib/python3.12/site-packages/django/db/models/sql/query.py", line 1678, in _add_q
    child_clause, needed_inner = self.build_filter(
                                 ^^^^^^^^^^^^^^^^^^
  File "/opt/anaconda3/lib/python3.12/site-packages/django/db/models/sql/query.py", line 1588, in build_filter
    condition = self.build_lookup(lookups, col, value)
                ^^^^^^^^^^^^^^^^^^^^^^^^^^^^^^^^^^^^^^
  File "/opt/anaconda3/lib/python3.12/site-packages/django/db/models/sql/query.py", line 1409, in build_lookup
    lhs = self.try_transform(lhs, lookup_name)
          ^^^^^^^^^^^^^^^^^^^^^^^^^^^^^^^^^^^^
  File "/opt/anaconda3/lib/python3.12/site-packages/django/db/models/sql/query.py", line 1458, in try_transform
    raise FieldError(
django.core.exceptions.FieldError: Unsupported lookup 'icontains' for ForeignKey or join on the field not permitted.
ERROR "GET /aplicatie_exemplu/carti/?titlu=Maytrei&autor=Mircea+Eliade&categorie=&pret_min=&pret_max=&elemente_per_pagina=&sort=titlu HTTP/1.1" 500 108537
ERROR Internal Server Error: /aplicatie_exemplu/promotii/
Traceback (most recent call last):
  File "/opt/anaconda3/lib/python3.12/site-packages/django/core/handlers/exception.py", line 55, in inner
    response = get_response(request)
               ^^^^^^^^^^^^^^^^^^^^^
  File "/opt/anaconda3/lib/python3.12/site-packages/django/core/handlers/base.py", line 197, in _get_response
    response = wrapped_callback(request, *callback_args, **callback_kwargs)
               ^^^^^^^^^^^^^^^^^^^^^^^^^^^^^^^^^^^^^^^^^^^^^^^^^^^^^^^^^^^^
  File "/Users/mateinicolau/Desktop/anul_2/Django/proiect_django/aplicatie_exemplu/views.py", line 631, in promotii_view
    with open(f'templates/email_promotii/{cat_slug}.txt', 'r') as f:
         ^^^^^^^^^^^^^^^^^^^^^^^^^^^^^^^^^^^^^^^^^^^^^^^^^^^^^
FileNotFoundError: [Errno 2] No such file or directory: 'templates/email_promotii/educatie.txt'
ERROR "POST /aplicatie_exemplu/promotii/ HTTP/1.1" 500 66265
ERROR Internal Server Error: /aplicatie_exemplu/promotii/
Traceback (most recent call last):
  File "/opt/anaconda3/lib/python3.12/site-packages/django/core/handlers/exception.py", line 55, in inner
    response = get_response(request)
               ^^^^^^^^^^^^^^^^^^^^^
  File "/opt/anaconda3/lib/python3.12/site-packages/django/core/handlers/base.py", line 197, in _get_response
    response = wrapped_callback(request, *callback_args, **callback_kwargs)
               ^^^^^^^^^^^^^^^^^^^^^^^^^^^^^^^^^^^^^^^^^^^^^^^^^^^^^^^^^^^^
  File "/Users/mateinicolau/Desktop/anul_2/Django/proiect_django/aplicatie_exemplu/views.py", line 631, in promotii_view
    with open(f'templates/email_promotii/{cat_slug}.txt', 'r') as f:
         ^^^^^^^^^^^^^^^^^^^^^^^^^^^^^^^^^^^^^^^^^^^^^^^^^^^^^
FileNotFoundError: [Errno 2] No such file or directory: 'templates/email_promotii/educatie.txt'
ERROR "POST /aplicatie_exemplu/promotii/ HTTP/1.1" 500 66265
ERROR Internal Server Error: /aplicatie_exemplu/promotii/
Traceback (most recent call last):
  File "/opt/anaconda3/lib/python3.12/site-packages/django/core/handlers/exception.py", line 55, in inner
    response = get_response(request)
               ^^^^^^^^^^^^^^^^^^^^^
  File "/opt/anaconda3/lib/python3.12/site-packages/django/core/handlers/base.py", line 197, in _get_response
    response = wrapped_callback(request, *callback_args, **callback_kwargs)
               ^^^^^^^^^^^^^^^^^^^^^^^^^^^^^^^^^^^^^^^^^^^^^^^^^^^^^^^^^^^^
  File "/Users/mateinicolau/Desktop/anul_2/Django/proiect_django/aplicatie_exemplu/views.py", line 631, in promotii_view
    with open(f'templates/email_promotii/{cat_slug}.txt', 'r') as f:
         ^^^^^^^^^^^^^^^^^^^^^^^^^^^^^^^^^^^^^^^^^^^^^^^^^^^^^
FileNotFoundError: [Errno 2] No such file or directory: 'templates/email_promotii/fictiune.txt'
ERROR "POST /aplicatie_exemplu/promotii/ HTTP/1.1" 500 66287
ERROR Internal Server Error: /aplicatie_exemplu/promotii/
Traceback (most recent call last):
  File "/opt/anaconda3/lib/python3.12/site-packages/django/core/handlers/exception.py", line 55, in inner
    response = get_response(request)
               ^^^^^^^^^^^^^^^^^^^^^
  File "/opt/anaconda3/lib/python3.12/site-packages/django/core/handlers/base.py", line 197, in _get_response
    response = wrapped_callback(request, *callback_args, **callback_kwargs)
               ^^^^^^^^^^^^^^^^^^^^^^^^^^^^^^^^^^^^^^^^^^^^^^^^^^^^^^^^^^^^
  File "/Users/mateinicolau/Desktop/anul_2/Django/proiect_django/aplicatie_exemplu/views.py", line 631, in promotii_view
    with open(f'templates/email_promotii/{cat_slug}.txt', 'r') as f:
         ^^^^^^^^^^^^^^^^^^^^^^^^^^^^^^^^^^^^^^^^^^^^^^^^^^^^^
FileNotFoundError: [Errno 2] No such file or directory: 'templates/email_promotii/fictiune.txt'
ERROR "POST /aplicatie_exemplu/promotii/ HTTP/1.1" 500 66282
ERROR Internal Server Error: /aplicatie_exemplu/promotii/
Traceback (most recent call last):
  File "/opt/anaconda3/lib/python3.12/site-packages/django/core/handlers/exception.py", line 55, in inner
    response = get_response(request)
               ^^^^^^^^^^^^^^^^^^^^^
  File "/opt/anaconda3/lib/python3.12/site-packages/django/core/handlers/base.py", line 197, in _get_response
    response = wrapped_callback(request, *callback_args, **callback_kwargs)
               ^^^^^^^^^^^^^^^^^^^^^^^^^^^^^^^^^^^^^^^^^^^^^^^^^^^^^^^^^^^^
  File "/Users/mateinicolau/Desktop/anul_2/Django/proiect_django/aplicatie_exemplu/views.py", line 631, in promotii_view
    with open(f'templates/email_promotii/{cat_slug}.txt', 'r') as f:
         ^^^^^^^^^^^^^^^^^^^^^^^^^^^^^^^^^^^^^^^^^^^^^^^^^^^^^
FileNotFoundError: [Errno 2] No such file or directory: 'templates/email_promotii/fictiune.txt'
ERROR "POST /aplicatie_exemplu/promotii/ HTTP/1.1" 500 66287
ERROR Internal Server Error: /aplicatie_exemplu/promotii/
Traceback (most recent call last):
  File "/opt/anaconda3/lib/python3.12/site-packages/django/core/handlers/exception.py", line 55, in inner
    response = get_response(request)
               ^^^^^^^^^^^^^^^^^^^^^
  File "/opt/anaconda3/lib/python3.12/site-packages/django/core/handlers/base.py", line 197, in _get_response
    response = wrapped_callback(request, *callback_args, **callback_kwargs)
               ^^^^^^^^^^^^^^^^^^^^^^^^^^^^^^^^^^^^^^^^^^^^^^^^^^^^^^^^^^^^
  File "/Users/mateinicolau/Desktop/anul_2/Django/proiect_django/aplicatie_exemplu/views.py", line 627, in promotii_view
    utilizatori = CustomUser.objects.filter(
                  ^^^^^^^^^^^^^^^^^^^^^^^^^^
  File "/opt/anaconda3/lib/python3.12/site-packages/django/db/models/manager.py", line 87, in manager_method
    return getattr(self.get_queryset(), name)(*args, **kwargs)
           ^^^^^^^^^^^^^^^^^^^^^^^^^^^^^^^^^^^^^^^^^^^^^^^^^^^
  File "/opt/anaconda3/lib/python3.12/site-packages/django/db/models/query.py", line 1493, in filter
    return self._filter_or_exclude(False, args, kwargs)
           ^^^^^^^^^^^^^^^^^^^^^^^^^^^^^^^^^^^^^^^^^^^^
  File "/opt/anaconda3/lib/python3.12/site-packages/django/db/models/query.py", line 1511, in _filter_or_exclude
    clone._filter_or_exclude_inplace(negate, args, kwargs)
  File "/opt/anaconda3/lib/python3.12/site-packages/django/db/models/query.py", line 1518, in _filter_or_exclude_inplace
    self._query.add_q(Q(*args, **kwargs))
  File "/opt/anaconda3/lib/python3.12/site-packages/django/db/models/sql/query.py", line 1646, in add_q
    clause, _ = self._add_q(q_object, can_reuse)
                ^^^^^^^^^^^^^^^^^^^^^^^^^^^^^^^^
  File "/opt/anaconda3/lib/python3.12/site-packages/django/db/models/sql/query.py", line 1678, in _add_q
    child_clause, needed_inner = self.build_filter(
                                 ^^^^^^^^^^^^^^^^^^
  File "/opt/anaconda3/lib/python3.12/site-packages/django/db/models/sql/query.py", line 1588, in build_filter
    condition = self.build_lookup(lookups, col, value)
                ^^^^^^^^^^^^^^^^^^^^^^^^^^^^^^^^^^^^^^
  File "/opt/anaconda3/lib/python3.12/site-packages/django/db/models/sql/query.py", line 1402, in build_lookup
    lhs = self.try_transform(lhs, name, lookups)
          ^^^^^^^^^^^^^^^^^^^^^^^^^^^^^^^^^^^^^^
  File "/opt/anaconda3/lib/python3.12/site-packages/django/db/models/sql/query.py", line 1458, in try_transform
    raise FieldError(
django.core.exceptions.FieldError: Unsupported lookup 'carte__categorie__slug' for ManyToOneRel or join on the field not permitted.
ERROR "POST /aplicatie_exemplu/promotii/ HTTP/1.1" 500 113332
ERROR Internal Server Error: /aplicatie_exemplu/login/
Traceback (most recent call last):
  File "/opt/anaconda3/lib/python3.12/site-packages/django/core/handlers/exception.py", line 55, in inner
    response = get_response(request)
               ^^^^^^^^^^^^^^^^^^^^^
  File "/opt/anaconda3/lib/python3.12/site-packages/django/core/handlers/base.py", line 197, in _get_response
    response = wrapped_callback(request, *callback_args, **callback_kwargs)
               ^^^^^^^^^^^^^^^^^^^^^^^^^^^^^^^^^^^^^^^^^^^^^^^^^^^^^^^^^^^^
  File "/Users/mateinicolau/Desktop/anul_2/Django/proiect_django/aplicatie_exemplu/views.py", line 518, in login_view
    acum = datetime.datetime.now()
           ^^^^^^^^^^^^^^^^^
AttributeError: type object 'datetime.datetime' has no attribute 'datetime'
ERROR "GET /aplicatie_exemplu/login/ HTTP/1.1" 500 62909
ERROR Internal Server Error: /aplicatie_exemplu/login/
Traceback (most recent call last):
  File "/opt/anaconda3/lib/python3.12/site-packages/django/core/handlers/exception.py", line 55, in inner
    response = get_response(request)
               ^^^^^^^^^^^^^^^^^^^^^
  File "/opt/anaconda3/lib/python3.12/site-packages/django/core/handlers/base.py", line 197, in _get_response
    response = wrapped_callback(request, *callback_args, **callback_kwargs)
               ^^^^^^^^^^^^^^^^^^^^^^^^^^^^^^^^^^^^^^^^^^^^^^^^^^^^^^^^^^^^
  File "/Users/mateinicolau/Desktop/anul_2/Django/proiect_django/aplicatie_exemplu/views.py", line 518, in login_view
    acum = datetime.datetime.now()
           ^^^^^^^^^^^^^^^^^
AttributeError: type object 'datetime.datetime' has no attribute 'datetime'
ERROR "GET /aplicatie_exemplu/login/ HTTP/1.1" 500 62907
ERROR Internal Server Error: /aplicatie_exemplu/sitemap.xml
Traceback (most recent call last):
  File "/opt/anaconda3/lib/python3.12/site-packages/django/core/handlers/exception.py", line 55, in inner
    response = get_response(request)
               ^^^^^^^^^^^^^^^^^^^^^
  File "/opt/anaconda3/lib/python3.12/site-packages/django/core/handlers/base.py", line 197, in _get_response
    response = wrapped_callback(request, *callback_args, **callback_kwargs)
               ^^^^^^^^^^^^^^^^^^^^^^^^^^^^^^^^^^^^^^^^^^^^^^^^^^^^^^^^^^^^
  File "/opt/anaconda3/lib/python3.12/site-packages/django/contrib/sitemaps/views.py", line 23, in inner
    response = func(request, *args, **kwargs)
               ^^^^^^^^^^^^^^^^^^^^^^^^^^^^^^
  File "/opt/anaconda3/lib/python3.12/site-packages/django/contrib/sitemaps/views.py", line 117, in sitemap
    urls.extend(site.get_urls(page=page, site=req_site, protocol=req_protocol))
                ^^^^^^^^^^^^^^^^^^^^^^^^^^^^^^^^^^^^^^^^^^^^^^^^^^^^^^^^^^^^^^
  File "/opt/anaconda3/lib/python3.12/site-packages/django/contrib/sitemaps/__init__.py", line 104, in get_urls
    return self._urls(page, protocol, domain)
           ^^^^^^^^^^^^^^^^^^^^^^^^^^^^^^^^^^
  File "/opt/anaconda3/lib/python3.12/site-packages/django/contrib/sitemaps/__init__.py", line 124, in _urls
    loc = f"{protocol}://{domain}{self._location(item)}"
                                  ^^^^^^^^^^^^^^^^^^^^
  File "/opt/anaconda3/lib/python3.12/site-packages/django/contrib/sitemaps/__init__.py", line 69, in _location
    return self._get("location", item)
           ^^^^^^^^^^^^^^^^^^^^^^^^^^^
  File "/opt/anaconda3/lib/python3.12/site-packages/django/contrib/sitemaps/__init__.py", line 39, in _get
    return attr(item)
           ^^^^^^^^^^
  File "/opt/anaconda3/lib/python3.12/site-packages/django/contrib/sitemaps/__init__.py", line 79, in location
    return item.get_absolute_url()
           ^^^^^^^^^^^^^^^^^^^^^^^
  File "/Users/mateinicolau/Desktop/anul_2/Django/proiect_django/aplicatie_exemplu/models.py", line 132, in get_absolute_url
    return reverse('detalii_carte', args=[str(self.id)])
                                              ^^^^^^^
AttributeError: 'Carte' object has no attribute 'id'
ERROR "GET /aplicatie_exemplu/sitemap.xml HTTP/1.1" 500 96722
ERROR Internal Server Error: /aplicatie_exemplu/sitemap.xml
Traceback (most recent call last):
  File "/opt/anaconda3/lib/python3.12/site-packages/django/core/handlers/exception.py", line 55, in inner
    response = get_response(request)
               ^^^^^^^^^^^^^^^^^^^^^
  File "/opt/anaconda3/lib/python3.12/site-packages/django/core/handlers/base.py", line 197, in _get_response
    response = wrapped_callback(request, *callback_args, **callback_kwargs)
               ^^^^^^^^^^^^^^^^^^^^^^^^^^^^^^^^^^^^^^^^^^^^^^^^^^^^^^^^^^^^
  File "/opt/anaconda3/lib/python3.12/site-packages/django/contrib/sitemaps/views.py", line 23, in inner
    response = func(request, *args, **kwargs)
               ^^^^^^^^^^^^^^^^^^^^^^^^^^^^^^
  File "/opt/anaconda3/lib/python3.12/site-packages/django/contrib/sitemaps/views.py", line 117, in sitemap
    urls.extend(site.get_urls(page=page, site=req_site, protocol=req_protocol))
                ^^^^^^^^^^^^^^^^^^^^^^^^^^^^^^^^^^^^^^^^^^^^^^^^^^^^^^^^^^^^^^
  File "/opt/anaconda3/lib/python3.12/site-packages/django/contrib/sitemaps/__init__.py", line 104, in get_urls
    return self._urls(page, protocol, domain)
           ^^^^^^^^^^^^^^^^^^^^^^^^^^^^^^^^^^
  File "/opt/anaconda3/lib/python3.12/site-packages/django/contrib/sitemaps/__init__.py", line 124, in _urls
    loc = f"{protocol}://{domain}{self._location(item)}"
                                  ^^^^^^^^^^^^^^^^^^^^
  File "/opt/anaconda3/lib/python3.12/site-packages/django/contrib/sitemaps/__init__.py", line 69, in _location
    return self._get("location", item)
           ^^^^^^^^^^^^^^^^^^^^^^^^^^^
  File "/opt/anaconda3/lib/python3.12/site-packages/django/contrib/sitemaps/__init__.py", line 39, in _get
    return attr(item)
           ^^^^^^^^^^
  File "/opt/anaconda3/lib/python3.12/site-packages/django/contrib/sitemaps/__init__.py", line 79, in location
    return item.get_absolute_url()
           ^^^^^^^^^^^^^^^^^^^^^^^
  File "/Users/mateinicolau/Desktop/anul_2/Django/proiect_django/aplicatie_exemplu/models.py", line 132, in get_absolute_url
    return reverse('detalii_carte', kwargs={'pk': self.pk})
           ^^^^^^^^^^^^^^^^^^^^^^^^^^^^^^^^^^^^^^^^^^^^^^^^
  File "/opt/anaconda3/lib/python3.12/site-packages/django/urls/base.py", line 98, in reverse
    resolved_url = resolver._reverse_with_prefix(view, prefix, *args, **kwargs)
                   ^^^^^^^^^^^^^^^^^^^^^^^^^^^^^^^^^^^^^^^^^^^^^^^^^^^^^^^^^^^^
  File "/opt/anaconda3/lib/python3.12/site-packages/django/urls/resolvers.py", line 831, in _reverse_with_prefix
    raise NoReverseMatch(msg)
django.urls.exceptions.NoReverseMatch: Reverse for 'detalii_carte' not found. 'detalii_carte' is not a valid view function or pattern name.
ERROR "GET /aplicatie_exemplu/sitemap.xml HTTP/1.1" 500 107459
ERROR Internal Server Error: /aplicatie_exemplu/sitemap.xml
Traceback (most recent call last):
  File "/opt/anaconda3/lib/python3.12/site-packages/django/core/handlers/exception.py", line 55, in inner
    response = get_response(request)
               ^^^^^^^^^^^^^^^^^^^^^
  File "/opt/anaconda3/lib/python3.12/site-packages/django/core/handlers/base.py", line 197, in _get_response
    response = wrapped_callback(request, *callback_args, **callback_kwargs)
               ^^^^^^^^^^^^^^^^^^^^^^^^^^^^^^^^^^^^^^^^^^^^^^^^^^^^^^^^^^^^
  File "/opt/anaconda3/lib/python3.12/site-packages/django/contrib/sitemaps/views.py", line 23, in inner
    response = func(request, *args, **kwargs)
               ^^^^^^^^^^^^^^^^^^^^^^^^^^^^^^
  File "/opt/anaconda3/lib/python3.12/site-packages/django/contrib/sitemaps/views.py", line 117, in sitemap
    urls.extend(site.get_urls(page=page, site=req_site, protocol=req_protocol))
                ^^^^^^^^^^^^^^^^^^^^^^^^^^^^^^^^^^^^^^^^^^^^^^^^^^^^^^^^^^^^^^
  File "/opt/anaconda3/lib/python3.12/site-packages/django/contrib/sitemaps/__init__.py", line 104, in get_urls
    return self._urls(page, protocol, domain)
           ^^^^^^^^^^^^^^^^^^^^^^^^^^^^^^^^^^
  File "/opt/anaconda3/lib/python3.12/site-packages/django/contrib/sitemaps/__init__.py", line 124, in _urls
    loc = f"{protocol}://{domain}{self._location(item)}"
                                  ^^^^^^^^^^^^^^^^^^^^
  File "/opt/anaconda3/lib/python3.12/site-packages/django/contrib/sitemaps/__init__.py", line 69, in _location
    return self._get("location", item)
           ^^^^^^^^^^^^^^^^^^^^^^^^^^^
  File "/opt/anaconda3/lib/python3.12/site-packages/django/contrib/sitemaps/__init__.py", line 39, in _get
    return attr(item)
           ^^^^^^^^^^
  File "/opt/anaconda3/lib/python3.12/site-packages/django/contrib/sitemaps/__init__.py", line 79, in location
    return item.get_absolute_url()
           ^^^^^^^^^^^^^^^^^^^^^^^
  File "/Users/mateinicolau/Desktop/anul_2/Django/proiect_django/aplicatie_exemplu/models.py", line 132, in get_absolute_url
    return reverse('detalii_carte', kwargs={'pk': self.pk})
           ^^^^^^^^^^^^^^^^^^^^^^^^^^^^^^^^^^^^^^^^^^^^^^^^
  File "/opt/anaconda3/lib/python3.12/site-packages/django/urls/base.py", line 98, in reverse
    resolved_url = resolver._reverse_with_prefix(view, prefix, *args, **kwargs)
                   ^^^^^^^^^^^^^^^^^^^^^^^^^^^^^^^^^^^^^^^^^^^^^^^^^^^^^^^^^^^^
  File "/opt/anaconda3/lib/python3.12/site-packages/django/urls/resolvers.py", line 831, in _reverse_with_prefix
    raise NoReverseMatch(msg)
django.urls.exceptions.NoReverseMatch: Reverse for 'detalii_carte' not found. 'detalii_carte' is not a valid view function or pattern name.
ERROR "GET /aplicatie_exemplu/sitemap.xml HTTP/1.1" 500 107459
ERROR Internal Server Error: /aplicatie_exemplu/sitemap.xml
Traceback (most recent call last):
  File "/opt/anaconda3/lib/python3.12/site-packages/django/core/handlers/exception.py", line 55, in inner
    response = get_response(request)
               ^^^^^^^^^^^^^^^^^^^^^
  File "/opt/anaconda3/lib/python3.12/site-packages/django/core/handlers/base.py", line 197, in _get_response
    response = wrapped_callback(request, *callback_args, **callback_kwargs)
               ^^^^^^^^^^^^^^^^^^^^^^^^^^^^^^^^^^^^^^^^^^^^^^^^^^^^^^^^^^^^
  File "/opt/anaconda3/lib/python3.12/site-packages/django/contrib/sitemaps/views.py", line 23, in inner
    response = func(request, *args, **kwargs)
               ^^^^^^^^^^^^^^^^^^^^^^^^^^^^^^
  File "/opt/anaconda3/lib/python3.12/site-packages/django/contrib/sitemaps/views.py", line 117, in sitemap
    urls.extend(site.get_urls(page=page, site=req_site, protocol=req_protocol))
                ^^^^^^^^^^^^^^^^^^^^^^^^^^^^^^^^^^^^^^^^^^^^^^^^^^^^^^^^^^^^^^
  File "/opt/anaconda3/lib/python3.12/site-packages/django/contrib/sitemaps/__init__.py", line 104, in get_urls
    return self._urls(page, protocol, domain)
           ^^^^^^^^^^^^^^^^^^^^^^^^^^^^^^^^^^
  File "/opt/anaconda3/lib/python3.12/site-packages/django/contrib/sitemaps/__init__.py", line 126, in _urls
    lastmod = self._get("lastmod", item)
              ^^^^^^^^^^^^^^^^^^^^^^^^^^
  File "/opt/anaconda3/lib/python3.12/site-packages/django/contrib/sitemaps/__init__.py", line 39, in _get
    return attr(item)
           ^^^^^^^^^^
  File "/opt/anaconda3/lib/python3.12/site-packages/django/contrib/sitemaps/__init__.py", line 190, in lastmod
    return getattr(item, self.date_field)
           ^^^^^^^^^^^^^^^^^^^^^^^^^^^^^^
AttributeError: 'Carte' object has no attribute 'data_adaugarii'
ERROR "GET /aplicatie_exemplu/sitemap.xml HTTP/1.1" 500 89757
ERROR Internal Server Error: /aplicatie_exemplu/sitemap.xml
Traceback (most recent call last):
  File "/opt/anaconda3/lib/python3.12/site-packages/django/core/handlers/exception.py", line 55, in inner
    response = get_response(request)
               ^^^^^^^^^^^^^^^^^^^^^
  File "/opt/anaconda3/lib/python3.12/site-packages/django/core/handlers/base.py", line 197, in _get_response
    response = wrapped_callback(request, *callback_args, **callback_kwargs)
               ^^^^^^^^^^^^^^^^^^^^^^^^^^^^^^^^^^^^^^^^^^^^^^^^^^^^^^^^^^^^
  File "/opt/anaconda3/lib/python3.12/site-packages/django/contrib/sitemaps/views.py", line 23, in inner
    response = func(request, *args, **kwargs)
               ^^^^^^^^^^^^^^^^^^^^^^^^^^^^^^
  File "/opt/anaconda3/lib/python3.12/site-packages/django/contrib/sitemaps/views.py", line 117, in sitemap
    urls.extend(site.get_urls(page=page, site=req_site, protocol=req_protocol))
                ^^^^^^^^^^^^^^^^^^^^^^^^^^^^^^^^^^^^^^^^^^^^^^^^^^^^^^^^^^^^^^
  File "/opt/anaconda3/lib/python3.12/site-packages/django/contrib/sitemaps/__init__.py", line 104, in get_urls
    return self._urls(page, protocol, domain)
           ^^^^^^^^^^^^^^^^^^^^^^^^^^^^^^^^^^
  File "/opt/anaconda3/lib/python3.12/site-packages/django/contrib/sitemaps/__init__.py", line 126, in _urls
    lastmod = self._get("lastmod", item)
              ^^^^^^^^^^^^^^^^^^^^^^^^^^
  File "/opt/anaconda3/lib/python3.12/site-packages/django/contrib/sitemaps/__init__.py", line 39, in _get
    return attr(item)
           ^^^^^^^^^^
  File "/opt/anaconda3/lib/python3.12/site-packages/django/contrib/sitemaps/__init__.py", line 190, in lastmod
    return getattr(item, self.date_field)
           ^^^^^^^^^^^^^^^^^^^^^^^^^^^^^^
AttributeError: 'Carte' object has no attribute 'data_adaugarii'
ERROR "GET /aplicatie_exemplu/sitemap.xml HTTP/1.1" 500 89757
ERROR Internal Server Error: /aplicatie_exemplu/contact/
Traceback (most recent call last):
  File "/opt/anaconda3/lib/python3.12/site-packages/django/core/handlers/exception.py", line 55, in inner
    response = get_response(request)
               ^^^^^^^^^^^^^^^^^^^^^
  File "/opt/anaconda3/lib/python3.12/site-packages/django/core/handlers/base.py", line 197, in _get_response
    response = wrapped_callback(request, *callback_args, **callback_kwargs)
               ^^^^^^^^^^^^^^^^^^^^^^^^^^^^^^^^^^^^^^^^^^^^^^^^^^^^^^^^^^^^
  File "/Users/mateinicolau/Desktop/anul_2/semestrul_1/Django/proiect_django/aplicatie_exemplu/views.py", line 449, in contact_view
    date_mesaj['data_ora_sosire'] = datetime.now().strftime("%Y-%m-%d %H:%M:%S")
                                    ^^^^^^^^^^^^
AttributeError: module 'datetime' has no attribute 'now'
ERROR "POST /aplicatie_exemplu/contact/ HTTP/1.1" 500 67219
ERROR Internal Server Error: /aplicatie_exemplu/contact/
Traceback (most recent call last):
  File "/opt/anaconda3/lib/python3.12/site-packages/django/core/handlers/exception.py", line 55, in inner
    response = get_response(request)
               ^^^^^^^^^^^^^^^^^^^^^
  File "/opt/anaconda3/lib/python3.12/site-packages/django/core/handlers/base.py", line 197, in _get_response
    response = wrapped_callback(request, *callback_args, **callback_kwargs)
               ^^^^^^^^^^^^^^^^^^^^^^^^^^^^^^^^^^^^^^^^^^^^^^^^^^^^^^^^^^^^
  File "/Users/mateinicolau/Desktop/anul_2/semestrul_1/Django/proiect_django/aplicatie_exemplu/views.py", line 449, in contact_view
    date_mesaj['data_ora_sosire'] = datetime.now().strftime("%Y-%m-%d %H:%M:%S")
                                    ^^^^^^^^^^^^
AttributeError: module 'datetime' has no attribute 'now'
ERROR "POST /aplicatie_exemplu/contact/ HTTP/1.1" 500 67219
ERROR Internal Server Error: /aplicatie_exemplu/contact/
Traceback (most recent call last):
  File "/opt/anaconda3/lib/python3.12/site-packages/django/core/handlers/exception.py", line 55, in inner
    response = get_response(request)
               ^^^^^^^^^^^^^^^^^^^^^
  File "/opt/anaconda3/lib/python3.12/site-packages/django/core/handlers/base.py", line 197, in _get_response
    response = wrapped_callback(request, *callback_args, **callback_kwargs)
               ^^^^^^^^^^^^^^^^^^^^^^^^^^^^^^^^^^^^^^^^^^^^^^^^^^^^^^^^^^^^
  File "/Users/mateinicolau/Desktop/anul_2/semestrul_1/Django/proiect_django/aplicatie_exemplu/views.py", line 449, in contact_view
    date_mesaj['data_ora_sosire'] = datetime.now().strftime("%Y-%m-%d %H:%M:%S")
                                    ^^^^^^^^^^^^
AttributeError: module 'datetime' has no attribute 'now'
ERROR "POST /aplicatie_exemplu/contact/ HTTP/1.1" 500 67226
ERROR Internal Server Error: /aplicatie_exemplu/contact/
Traceback (most recent call last):
  File "/opt/anaconda3/lib/python3.12/site-packages/django/core/handlers/exception.py", line 55, in inner
    response = get_response(request)
               ^^^^^^^^^^^^^^^^^^^^^
  File "/opt/anaconda3/lib/python3.12/site-packages/django/core/handlers/base.py", line 197, in _get_response
    response = wrapped_callback(request, *callback_args, **callback_kwargs)
               ^^^^^^^^^^^^^^^^^^^^^^^^^^^^^^^^^^^^^^^^^^^^^^^^^^^^^^^^^^^^
  File "/Users/mateinicolau/Desktop/anul_2/semestrul_1/Django/proiect_django/aplicatie_exemplu/views.py", line 449, in contact_view
    date_mesaj['data_ora_sosire'] = datetime.now().strftime("%Y-%m-%d %H:%M:%S")
                                    ^^^^^^^^^^^^
AttributeError: module 'datetime' has no attribute 'now'
ERROR "POST /aplicatie_exemplu/contact/ HTTP/1.1" 500 67222
ERROR Internal Server Error: /aplicatie_exemplu/contact/
Traceback (most recent call last):
  File "/opt/anaconda3/lib/python3.12/site-packages/django/core/handlers/exception.py", line 55, in inner
    response = get_response(request)
               ^^^^^^^^^^^^^^^^^^^^^
  File "/opt/anaconda3/lib/python3.12/site-packages/django/core/handlers/base.py", line 197, in _get_response
    response = wrapped_callback(request, *callback_args, **callback_kwargs)
               ^^^^^^^^^^^^^^^^^^^^^^^^^^^^^^^^^^^^^^^^^^^^^^^^^^^^^^^^^^^^
  File "/Users/mateinicolau/Desktop/anul_2/semestrul_1/Django/proiect_django/aplicatie_exemplu/views.py", line 449, in contact_view
    date_mesaj['data_ora_sosire'] = datetime.now().strftime("%Y-%m-%d %H:%M:%S")
                                    ^^^^^^^^^^^^
AttributeError: module 'datetime' has no attribute 'now'
ERROR "POST /aplicatie_exemplu/contact/ HTTP/1.1" 500 67222
ERROR Internal Server Error: /aplicatie_exemplu/contact/
Traceback (most recent call last):
  File "/opt/anaconda3/lib/python3.12/site-packages/django/core/handlers/exception.py", line 55, in inner
    response = get_response(request)
               ^^^^^^^^^^^^^^^^^^^^^
  File "/opt/anaconda3/lib/python3.12/site-packages/django/core/handlers/base.py", line 197, in _get_response
    response = wrapped_callback(request, *callback_args, **callback_kwargs)
               ^^^^^^^^^^^^^^^^^^^^^^^^^^^^^^^^^^^^^^^^^^^^^^^^^^^^^^^^^^^^
  File "/Users/mateinicolau/Desktop/anul_2/semestrul_1/Django/proiect_django/aplicatie_exemplu/views.py", line 449, in contact_view
    date_mesaj['data_ora_sosire'] = datetime.now().strftime("%Y-%m-%d %H:%M:%S")
                                    ^^^^^^^^^^^^
AttributeError: module 'datetime' has no attribute 'now'
ERROR "POST /aplicatie_exemplu/contact/ HTTP/1.1" 500 67222
ERROR Internal Server Error: /aplicatie_exemplu/contact/
Traceback (most recent call last):
  File "/opt/anaconda3/lib/python3.12/site-packages/django/core/handlers/exception.py", line 55, in inner
    response = get_response(request)
               ^^^^^^^^^^^^^^^^^^^^^
  File "/opt/anaconda3/lib/python3.12/site-packages/django/core/handlers/base.py", line 197, in _get_response
    response = wrapped_callback(request, *callback_args, **callback_kwargs)
               ^^^^^^^^^^^^^^^^^^^^^^^^^^^^^^^^^^^^^^^^^^^^^^^^^^^^^^^^^^^^
  File "/Users/mateinicolau/Desktop/anul_2/semestrul_1/Django/proiect_django/aplicatie_exemplu/views.py", line 449, in contact_view
    date_mesaj['data_ora_sosire'] = datetime.now().strftime("%Y-%m-%d %H:%M:%S")
                                    ^^^^^^^^^^^^
AttributeError: module 'datetime' has no attribute 'now'
ERROR "POST /aplicatie_exemplu/contact/ HTTP/1.1" 500 67224
